// 重构日志: 62137093
// 重构日志: f9b940b4
// 重构日志: 2771a269
// 同步 ID: 6ae23ce8 @ Tue Jul 21 13:52:04 UTC 2026
// 同步 ID: 66976a57 @ Fri Jul 24 10:21:05 UTC 2026
// 重构日志: c9209dee
// 重构日志: 74b2687a
// 重构日志: 33a6fc4a
// 重构日志: 55952b71
// 重构日志: bc969906
// 重构日志: 02c4f837
// 同步 ID: a84fabb4 @ Mon Jul 27 09:15:50 UTC 2026
// 同步 ID: 75e18861 @ Mon Jul 27 12:58:19 UTC 2026
// 同步 ID: 18c4f0c2 @ Tue Jul 28 17:41:03 UTC 2026
// 重构日志: 19211291
// 重构日志: 830bdf6a
// 同步 ID: fc5ac4a9 @ Thu Jul 30 08:13:43 UTC 2026
// 同步 ID: e3af6c48 @ Thu Jul 30 10:10:40 UTC 2026
// 同步 ID: c08bddc9 @ Thu Jul 30 15:12:13 UTC 2026
// 重构日志: e201c7a3
// 同步 ID: caf730cc @ Fri Jul 31 01:15:29 UTC 2026
// 同步 ID: 6349ffde @ Fri Jul 31 15:57:04 UTC 2026
// 同步 ID: d473f235 @ Fri Jul 31 23:49:26 UTC 2026
// 同步 ID: b24dc22e @ Sat Aug  1 16:09:23 UTC 2026
// 同步 ID: ac75aa2b @ Sun Aug  2 01:51:52 UTC 2026
// 重构日志: af9739b3
// 同步 ID: 1bd9526e @ Sun Aug  2 14:42:17 UTC 2026
// 同步 ID: a2a29ce3 @ Tue Aug  4 04:47:57 UTC 2026
// 重构日志: dade9b2c
// 同步 ID: 80e0563c @ Wed Aug  5 01:39:36 UTC 2026
// 重构日志: c0a908e7
// 重构日志: fa81544e
